../Core/Src/main.cpp:85:5:int main()	8	static
../Core/Src/main.cpp:227:6:void SystemClock_Config()	88	static
../Core/Src/main.cpp:274:13:void MX_I2C1_Init()	8	static
../Core/Src/main.cpp:322:13:void MX_USART2_UART_Init()	8	static
../Core/Src/main.cpp:368:13:void MX_DMA_Init()	16	static
../Core/Src/main.cpp:387:13:void MX_GPIO_Init()	40	static
../Core/Src/main.cpp:410:6:void HAL_UART_RxCpltCallback(UART_HandleTypeDef*)	16	static
../Core/Src/main.cpp:426:6:void Error_Handler()	4	static,ignoring_inline_asm
